============================= test session starts =============================
platform win32 -- Python 3.11.8, pytest-8.0.0, pluggy-1.5.0 -- C:\Users\schlansk\Downloads\ForestFInal-main\venv-py311\Scripts\python.exe
cachedir: .pytest_cache
rootdir: C:\Users\schlansk\Downloads\ForestFInal-main
configfile: pytest.ini
testpaths: tests
plugins: anyio-4.9.0, asyncio-0.23.5, cov-4.1.0, mock-3.12.0, timeout-2.4.0
asyncio: mode=Mode.STRICT
collecting ... collected 54 items / 2 errors

=================================== ERRORS ====================================
_______________ ERROR collecting tests/test_context_trimmer.py ________________
ImportError while importing test module 'C:\Users\schlansk\Downloads\ForestFInal-main\tests\test_context_trimmer.py'.
Hint: make sure your test modules/packages have valid Python names.
Traceback:
venv-py311\Lib\site-packages\_pytest\python.py:537: in importtestmodule
    mod = import_path(path, mode=importmode, root=config.rootpath)
venv-py311\Lib\site-packages\_pytest\pathlib.py:567: in import_path
    importlib.import_module(module_name)
..\..\AppData\Local\Programs\Python\Python311\Lib\importlib\__init__.py:126: in import_module
    return _bootstrap._gcd_import(name[level:], package, level)
<frozen importlib._bootstrap>:1204: in _gcd_import
    ???
<frozen importlib._bootstrap>:1176: in _find_and_load
    ???
<frozen importlib._bootstrap>:1147: in _find_and_load_unlocked
    ???
<frozen importlib._bootstrap>:690: in _load_unlocked
    ???
venv-py311\Lib\site-packages\_pytest\assertion\rewrite.py:175: in exec_module
    exec(co, module.__dict__)
tests\test_context_trimmer.py:2: in <module>
    from forest_app.integrations.context_trimmer import ContextTrimmer, TrimmerConfig
forest_app\integrations\__init__.py:17: in <module>
    from forest_app.integrations.llm_service import (
forest_app\integrations\llm_service.py:15: in <module>
    import backoff
E   ModuleNotFoundError: No module named 'backoff'
_____________ ERROR collecting tests/test_prompt_augmentation.py ______________
ImportError while importing test module 'C:\Users\schlansk\Downloads\ForestFInal-main\tests\test_prompt_augmentation.py'.
Hint: make sure your test modules/packages have valid Python names.
Traceback:
venv-py311\Lib\site-packages\_pytest\python.py:537: in importtestmodule
    mod = import_path(path, mode=importmode, root=config.rootpath)
venv-py311\Lib\site-packages\_pytest\pathlib.py:567: in import_path
    importlib.import_module(module_name)
..\..\AppData\Local\Programs\Python\Python311\Lib\importlib\__init__.py:126: in import_module
    return _bootstrap._gcd_import(name[level:], package, level)
<frozen importlib._bootstrap>:1204: in _gcd_import
    ???
<frozen importlib._bootstrap>:1176: in _find_and_load
    ???
<frozen importlib._bootstrap>:1147: in _find_and_load_unlocked
    ???
<frozen importlib._bootstrap>:690: in _load_unlocked
    ???
venv-py311\Lib\site-packages\_pytest\assertion\rewrite.py:175: in exec_module
    exec(co, module.__dict__)
tests\test_prompt_augmentation.py:2: in <module>
    from forest_app.integrations.prompt_augmentation import PromptAugmentationService, AugmentationTemplate
forest_app\integrations\__init__.py:17: in <module>
    from forest_app.integrations.llm_service import (
forest_app\integrations\llm_service.py:15: in <module>
    import backoff
E   ModuleNotFoundError: No module named 'backoff'
=========================== short test summary info ===========================
ERROR tests/test_context_trimmer.py
ERROR tests/test_prompt_augmentation.py
!!!!!!!!!!!!!!!!!!! Interrupted: 2 errors during collection !!!!!!!!!!!!!!!!!!!
======================== 1 warning, 2 errors in 3.01s =========================
