============================= test session starts =============================
platform win32 -- Python 3.11.8, pytest-8.0.0, pluggy-1.5.0 -- C:\Users\schlansk\Downloads\ForestFInal-main\venv-py311\Scripts\python.exe
cachedir: .pytest_cache
rootdir: C:\Users\schlansk\Downloads\ForestFInal-main
configfile: pytest.ini
plugins: anyio-4.9.0, asyncio-0.23.5, cov-4.1.0, mock-3.12.0, timeout-2.4.0
asyncio: mode=Mode.STRICT
collecting ... collected 4 items

tests/test_completion_processor.py::test_idempotent_completion_returns_reinforcement PASSED [ 25%]
tests/test_completion_processor.py::test_successful_completion_updates_memory_and_returns_reinforcement FAILED [ 50%]
tests/test_completion_processor.py::test_transaction_rollback_on_failure PASSED [ 75%]
tests/test_completion_processor.py::test_reflection_logged_when_provided PASSED [100%]

================================== FAILURES ===================================
_____ test_successful_completion_updates_memory_and_returns_reinforcement _____

    @pytest.mark.asyncio
    async def test_successful_completion_updates_memory_and_returns_reinforcement():
        # Arrange
        node_id = uuid4()
        user_id = uuid4()
        dummy_node = DummyNode(id=node_id, user_id=user_id, status="pending", roadmap_step_id=uuid4(), is_major_phase=True)
        dummy_tree = DummyTree(id=dummy_node.tree_id, manifest={})
    
        processor = CompletionProcessor(
            llm_client=MagicMock(),
            hta_service=MagicMock(),
            tree_repository=MagicMock(),
            memory_manager=MagicMock(),
            task_logger=MagicMock(),
            reflection_logger=MagicMock()
        )
        processor.tree_repository.get_node_by_id = AsyncMock(return_value=dummy_node)
        processor.tree_repository.get_tree_by_id = AsyncMock(return_value=dummy_tree)
        processor.tree_repository.update_node_status = AsyncMock(return_value=True)
        processor.tree_repository.increment_branch_completion_count = AsyncMock(return_value=(True, 1))
        processor.tree_repository.get_task_footprint = AsyncMock(return_value=None)
        processor.tree_repository.update_tree = AsyncMock()
        processor.task_logger.log_task_completion = AsyncMock()
        processor.memory_manager.update_memory_with_completion = AsyncMock(return_value=True)
        processor._generate_positive_reinforcement = AsyncMock(return_value="You did it!")
    
        # Act
>       result = await processor.process_node_completion(node_id, user_id)

tests\test_completion_processor.py:86: 
_ _ _ _ _ _ _ _ _ _ _ _ _ _ _ _ _ _ _ _ _ _ _ _ _ _ _ _ _ _ _ _ _ _ _ _ _ _ _ _
forest_app\core\transaction_decorator.py:49: in wrapper
    result = await asyncio.wait_for(
..\..\AppData\Local\Programs\Python\Python311\Lib\asyncio\tasks.py:489: in wait_for
    return fut.result()
forest_app\core\processors\completion_processor.py:186: in process_node_completion
    manifest = RoadmapManifest(**tree.manifest)
_ _ _ _ _ _ _ _ _ _ _ _ _ _ _ _ _ _ _ _ _ _ _ _ _ _ _ _ _ _ _ _ _ _ _ _ _ _ _ _

self = RoadmapManifest(), data = {}

    def __init__(self, **data):
>       super().__init__(**data)
E       pydantic_core._pydantic_core.ValidationError: 2 validation errors for RoadmapManifest
E       tree_id
E         Field required [type=missing, input_value={}, input_type=dict]
E           For further information visit https://errors.pydantic.dev/2.6/v/missing
E       user_goal
E         Field required [type=missing, input_value={}, input_type=dict]
E           For further information visit https://errors.pydantic.dev/2.6/v/missing

forest_app\core\roadmap_models.py:125: ValidationError
------------------------------ Captured log call ------------------------------
ERROR    forest_app.core.processors.completion_processor:completion_processor.py:245 Error processing node completion: 2 validation errors for RoadmapManifest
tree_id
  Field required [type=missing, input_value={}, input_type=dict]
    For further information visit https://errors.pydantic.dev/2.6/v/missing
user_goal
  Field required [type=missing, input_value={}, input_type=dict]
    For further information visit https://errors.pydantic.dev/2.6/v/missing
ERROR    forest_app.core.transaction_decorator:transaction_decorator.py:78 Transaction 'transaction' failed with error: 2 validation errors for RoadmapManifest
tree_id
  Field required [type=missing, input_value={}, input_type=dict]
    For further information visit https://errors.pydantic.dev/2.6/v/missing
user_goal
  Field required [type=missing, input_value={}, input_type=dict]
    For further information visit https://errors.pydantic.dev/2.6/v/missing
=========================== short test summary info ===========================
FAILED tests/test_completion_processor.py::test_successful_completion_updates_memory_and_returns_reinforcement
========================= 1 failed, 3 passed in 2.27s =========================
